21:54:03 **** Incremental Build of configuration Debug for project 001BOOTLoader ****
make -j4 all 
arm-none-eabi-gcc "../Core/Src/boot_functions.c" -mcpu=cortex-m4 -std=gnu11 -g3 -DDEBUG -DUSE_HAL_DRIVER -DSTM32F429xx -c -I../Core/Inc -I../Drivers/STM32F4xx_HAL_Driver/Inc -I../Drivers/STM32F4xx_HAL_Driver/Inc/Legacy -I../Drivers/CMSIS/Device/ST/STM32F4xx/Include -I../Drivers/CMSIS/Include -O0 -ffunction-sections -fdata-sections -Wall -fstack-usage -MMD -MP -MF"Core/Src/boot_functions.d" -MT"Core/Src/boot_functions.o" --specs=nano.specs -mfpu=fpv4-sp-d16 -mfloat-abi=hard -mthumb -o "Core/Src/boot_functions.o"
arm-none-eabi-gcc -o "001BOOTLoader.elf" @"objects.list"   -mcpu=cortex-m4 -T"C:\Users\aduay\Desktop\INE2\SEMESTRE_4\Online_Learning\BOOTLOADER_Course\BOOTLOADER\001BOOTLoader\STM32F429ZITX_FLASH.ld" --specs=nosys.specs -Wl,-Map="001BOOTLoader.map" -Wl,--gc-sections -static --specs=nano.specs -mfpu=fpv4-sp-d16 -mfloat-abi=hard -mthumb -Wl,--start-group -lc -lm -Wl,--end-group
Finished building target: 001BOOTLoader.elf
 
arm-none-eabi-size   001BOOTLoader.elf 
arm-none-eabi-objdump -h -S  001BOOTLoader.elf  > "001BOOTLoader.list"
arm-none-eabi-objcopy  -O binary  001BOOTLoader.elf  "001BOOTLoader.bin"
   text	   data	    bss	    dec	    hex	filename
  18660	    128	   1976	  20764	   511c	001BOOTLoader.elf
Finished building: default.size.stdout
 
Finished building: 001BOOTLoader.bin
 
Finished building: 001BOOTLoader.list
 
21:57:05 **** Incremental Build of configuration Debug for project 001BOOTLoader ****
make -j4 all 
arm-none-eabi-gcc "../Core/Src/boot_functions.c" -mcpu=cortex-m4 -std=gnu11 -g3 -DDEBUG -DUSE_HAL_DRIVER -DSTM32F429xx -c -I../Core/Inc -I../Drivers/STM32F4xx_HAL_Driver/Inc -I../Drivers/STM32F4xx_HAL_Driver/Inc/Legacy -I../Drivers/CMSIS/Device/ST/STM32F4xx/Include -I../Drivers/CMSIS/Include -O0 -ffunction-sections -fdata-sections -Wall -fstack-usage -MMD -MP -MF"Core/Src/boot_functions.d" -MT"Core/Src/boot_functions.o" --specs=nano.specs -mfpu=fpv4-sp-d16 -mfloat-abi=hard -mthumb -o "Core/Src/boot_functions.o"
arm-none-eabi-gcc -o "001BOOTLoader.elf" @"objects.list"   -mcpu=cortex-m4 -T"C:\Users\aduay\Desktop\INE2\SEMESTRE_4\Online_Learning\BOOTLOADER_Course\BOOTLOADER\001BOOTLoader\STM32F429ZITX_FLASH.ld" --specs=nosys.specs -Wl,-Map="001BOOTLoader.map" -Wl,--gc-sections -static --specs=nano.specs -mfpu=fpv4-sp-d16 -mfloat-abi=hard -mthumb -Wl,--start-group -lc -lm -Wl,--end-group
Finished building target: 001BOOTLoader.elf
 
arm-none-eabi-size   001BOOTLoader.elf 
arm-none-eabi-objdump -h -S  001BOOTLoader.elf  > "001BOOTLoader.list"
arm-none-eabi-objcopy  -O binary  001BOOTLoader.elf  "001BOOTLoader.bin"
   text	   data	    bss	    dec	    hex	filename
  18660	    128	   1976	  20764	   511c	001BOOTLoader.elf
Finished building: default.size.stdout
 
Finished building: 001BOOTLoader.bin
 
Finished building: 001BOOTLoader.list
 
21:57:43 **** Incremental Build of configuration Debug for project 001BOOTLoader ****
make -j4 all 
arm-none-eabi-size   001BOOTLoader.elf 
   text	   data	    bss	    dec	    hex	filename
  18660	    128	   1976	  20764	   511c	001BOOTLoader.elf
Finished building: default.size.stdout
 
22:30:28 **** Incremental Build of configuration Debug for project 001BOOTLoader ****
make -j4 all 
arm-none-eabi-gcc "../Core/Src/boot_functions.c" -mcpu=cortex-m4 -std=gnu11 -g3 -DDEBUG -DUSE_HAL_DRIVER -DSTM32F429xx -c -I../Core/Inc -I../Drivers/STM32F4xx_HAL_Driver/Inc -I../Drivers/STM32F4xx_HAL_Driver/Inc/Legacy -I../Drivers/CMSIS/Device/ST/STM32F4xx/Include -I../Drivers/CMSIS/Include -O0 -ffunction-sections -fdata-sections -Wall -fstack-usage -MMD -MP -MF"Core/Src/boot_functions.d" -MT"Core/Src/boot_functions.o" --specs=nano.specs -mfpu=fpv4-sp-d16 -mfloat-abi=hard -mthumb -o "Core/Src/boot_functions.o"
arm-none-eabi-gcc -o "001BOOTLoader.elf" @"objects.list"   -mcpu=cortex-m4 -T"C:\Users\aduay\Desktop\INE2\SEMESTRE_4\Online_Learning\BOOTLOADER_Course\BOOTLOADER\001BOOTLoader\STM32F429ZITX_FLASH.ld" --specs=nosys.specs -Wl,-Map="001BOOTLoader.map" -Wl,--gc-sections -static --specs=nano.specs -mfpu=fpv4-sp-d16 -mfloat-abi=hard -mthumb -Wl,--start-group -lc -lm -Wl,--end-group
Finished building target: 001BOOTLoader.elf
 
arm-none-eabi-size   001BOOTLoader.elf 
arm-none-eabi-objdump -h -S  001BOOTLoader.elf  > "001BOOTLoader.list"
arm-none-eabi-objcopy  -O binary  001BOOTLoader.elf  "001BOOTLoader.bin"
   text	   data	    bss	    dec	    hex	filename
  18636	    128	   1976	  20740	   5104	001BOOTLoader.elf
Finished building: default.size.stdout
 
Finished building: 001BOOTLoader.bin
 
Finished building: 001BOOTLoader.list
 
22:58:48 **** Incremental Build of configuration Debug for project 001BOOTLoader ****
make -j4 all 
arm-none-eabi-size   001BOOTLoader.elf 
   text	   data	    bss	    dec	    hex	filename
  18636	    128	   1976	  20740	   5104	001BOOTLoader.elf
Finished building: default.size.stdout
 
22:59:05 **** Incremental Build of configuration Debug for project 002USER_Application ****
make -j4 all 
arm-none-eabi-size   002USER_Application.elf 
   text	   data	    bss	    dec	    hex	filename
  11892	    120	   1664	  13676	   356c	002USER_Application.elf
Finished building: default.size.stdout
 
23:36:45 **** Incremental Build of configuration Debug for project 001BOOTLoader ****
make -j4 all 
arm-none-eabi-size   001BOOTLoader.elf 
   text	   data	    bss	    dec	    hex	filename
  18636	    128	   1976	  20740	   5104	001BOOTLoader.elf
Finished building: default.size.stdout
 
00:28:35 **** Incremental Build of configuration Debug for project 001BOOTLoader ****
make -j4 all 
arm-none-eabi-gcc "../Core/Src/boot_functions.c" -mcpu=cortex-m4 -std=gnu11 -g3 -DDEBUG -DUSE_HAL_DRIVER -DSTM32F429xx -c -I../Core/Inc -I../Drivers/STM32F4xx_HAL_Driver/Inc -I../Drivers/STM32F4xx_HAL_Driver/Inc/Legacy -I../Drivers/CMSIS/Device/ST/STM32F4xx/Include -I../Drivers/CMSIS/Include -O0 -ffunction-sections -fdata-sections -Wall -fstack-usage -MMD -MP -MF"Core/Src/boot_functions.d" -MT"Core/Src/boot_functions.o" --specs=nano.specs -mfpu=fpv4-sp-d16 -mfloat-abi=hard -mthumb -o "Core/Src/boot_functions.o"
arm-none-eabi-gcc "../Core/Src/main.c" -mcpu=cortex-m4 -std=gnu11 -g3 -DDEBUG -DUSE_HAL_DRIVER -DSTM32F429xx -c -I../Core/Inc -I../Drivers/STM32F4xx_HAL_Driver/Inc -I../Drivers/STM32F4xx_HAL_Driver/Inc/Legacy -I../Drivers/CMSIS/Device/ST/STM32F4xx/Include -I../Drivers/CMSIS/Include -O0 -ffunction-sections -fdata-sections -Wall -fstack-usage -MMD -MP -MF"Core/Src/main.d" -MT"Core/Src/main.o" --specs=nano.specs -mfpu=fpv4-sp-d16 -mfloat-abi=hard -mthumb -o "Core/Src/main.o"
arm-none-eabi-gcc "../Core/Src/stm32f4xx_hal_msp.c" -mcpu=cortex-m4 -std=gnu11 -g3 -DDEBUG -DUSE_HAL_DRIVER -DSTM32F429xx -c -I../Core/Inc -I../Drivers/STM32F4xx_HAL_Driver/Inc -I../Drivers/STM32F4xx_HAL_Driver/Inc/Legacy -I../Drivers/CMSIS/Device/ST/STM32F4xx/Include -I../Drivers/CMSIS/Include -O0 -ffunction-sections -fdata-sections -Wall -fstack-usage -MMD -MP -MF"Core/Src/stm32f4xx_hal_msp.d" -MT"Core/Src/stm32f4xx_hal_msp.o" --specs=nano.specs -mfpu=fpv4-sp-d16 -mfloat-abi=hard -mthumb -o "Core/Src/stm32f4xx_hal_msp.o"
arm-none-eabi-gcc "../Core/Src/stm32f4xx_it.c" -mcpu=cortex-m4 -std=gnu11 -g3 -DDEBUG -DUSE_HAL_DRIVER -DSTM32F429xx -c -I../Core/Inc -I../Drivers/STM32F4xx_HAL_Driver/Inc -I../Drivers/STM32F4xx_HAL_Driver/Inc/Legacy -I../Drivers/CMSIS/Device/ST/STM32F4xx/Include -I../Drivers/CMSIS/Include -O0 -ffunction-sections -fdata-sections -Wall -fstack-usage -MMD -MP -MF"Core/Src/stm32f4xx_it.d" -MT"Core/Src/stm32f4xx_it.o" --specs=nano.specs -mfpu=fpv4-sp-d16 -mfloat-abi=hard -mthumb -o "Core/Src/stm32f4xx_it.o"
arm-none-eabi-gcc -o "001BOOTLoader.elf" @"objects.list"   -mcpu=cortex-m4 -T"C:\Users\aduay\Desktop\INE2\SEMESTRE_4\Online_Learning\BOOTLOADER_Course\BOOTLOADER\001BOOTLoader\STM32F429ZITX_FLASH.ld" --specs=nosys.specs -Wl,-Map="001BOOTLoader.map" -Wl,--gc-sections -static --specs=nano.specs -mfpu=fpv4-sp-d16 -mfloat-abi=hard -mthumb -Wl,--start-group -lc -lm -Wl,--end-group
Finished building target: 001BOOTLoader.elf
 
arm-none-eabi-size   001BOOTLoader.elf 
arm-none-eabi-objdump -h -S  001BOOTLoader.elf  > "001BOOTLoader.list"
arm-none-eabi-objcopy  -O binary  001BOOTLoader.elf  "001BOOTLoader.bin"
   text	   data	    bss	    dec	    hex	filename
  18636	    128	   1976	  20740	   5104	001BOOTLoader.elf
Finished building: default.size.stdout
 
Finished building: 001BOOTLoader.bin
 
Finished building: 001BOOTLoader.list
 
01:17:05 **** Incremental Build of configuration Debug for project 001BOOTLoader ****
make -j4 all 
arm-none-eabi-gcc "../Core/Src/boot_functions.c" -mcpu=cortex-m4 -std=gnu11 -g3 -DDEBUG -DUSE_HAL_DRIVER -DSTM32F429xx -c -I../Core/Inc -I../Drivers/STM32F4xx_HAL_Driver/Inc -I../Drivers/STM32F4xx_HAL_Driver/Inc/Legacy -I../Drivers/CMSIS/Device/ST/STM32F4xx/Include -I../Drivers/CMSIS/Include -O0 -ffunction-sections -fdata-sections -Wall -fstack-usage -MMD -MP -MF"Core/Src/boot_functions.d" -MT"Core/Src/boot_functions.o" --specs=nano.specs -mfpu=fpv4-sp-d16 -mfloat-abi=hard -mthumb -o "Core/Src/boot_functions.o"
arm-none-eabi-gcc "../Core/Src/main.c" -mcpu=cortex-m4 -std=gnu11 -g3 -DDEBUG -DUSE_HAL_DRIVER -DSTM32F429xx -c -I../Core/Inc -I../Drivers/STM32F4xx_HAL_Driver/Inc -I../Drivers/STM32F4xx_HAL_Driver/Inc/Legacy -I../Drivers/CMSIS/Device/ST/STM32F4xx/Include -I../Drivers/CMSIS/Include -O0 -ffunction-sections -fdata-sections -Wall -fstack-usage -MMD -MP -MF"Core/Src/main.d" -MT"Core/Src/main.o" --specs=nano.specs -mfpu=fpv4-sp-d16 -mfloat-abi=hard -mthumb -o "Core/Src/main.o"
arm-none-eabi-gcc "../Core/Src/stm32f4xx_hal_msp.c" -mcpu=cortex-m4 -std=gnu11 -g3 -DDEBUG -DUSE_HAL_DRIVER -DSTM32F429xx -c -I../Core/Inc -I../Drivers/STM32F4xx_HAL_Driver/Inc -I../Drivers/STM32F4xx_HAL_Driver/Inc/Legacy -I../Drivers/CMSIS/Device/ST/STM32F4xx/Include -I../Drivers/CMSIS/Include -O0 -ffunction-sections -fdata-sections -Wall -fstack-usage -MMD -MP -MF"Core/Src/stm32f4xx_hal_msp.d" -MT"Core/Src/stm32f4xx_hal_msp.o" --specs=nano.specs -mfpu=fpv4-sp-d16 -mfloat-abi=hard -mthumb -o "Core/Src/stm32f4xx_hal_msp.o"
arm-none-eabi-gcc "../Core/Src/stm32f4xx_it.c" -mcpu=cortex-m4 -std=gnu11 -g3 -DDEBUG -DUSE_HAL_DRIVER -DSTM32F429xx -c -I../Core/Inc -I../Drivers/STM32F4xx_HAL_Driver/Inc -I../Drivers/STM32F4xx_HAL_Driver/Inc/Legacy -I../Drivers/CMSIS/Device/ST/STM32F4xx/Include -I../Drivers/CMSIS/Include -O0 -ffunction-sections -fdata-sections -Wall -fstack-usage -MMD -MP -MF"Core/Src/stm32f4xx_it.d" -MT"Core/Src/stm32f4xx_it.o" --specs=nano.specs -mfpu=fpv4-sp-d16 -mfloat-abi=hard -mthumb -o "Core/Src/stm32f4xx_it.o"
arm-none-eabi-gcc -o "001BOOTLoader.elf" @"objects.list"   -mcpu=cortex-m4 -T"C:\Users\aduay\Desktop\INE2\SEMESTRE_4\Online_Learning\BOOTLOADER_Course\BOOTLOADER\001BOOTLoader\STM32F429ZITX_FLASH.ld" --specs=nosys.specs -Wl,-Map="001BOOTLoader.map" -Wl,--gc-sections -static --specs=nano.specs -mfpu=fpv4-sp-d16 -mfloat-abi=hard -mthumb -Wl,--start-group -lc -lm -Wl,--end-group
Finished building target: 001BOOTLoader.elf
 
arm-none-eabi-size   001BOOTLoader.elf 
arm-none-eabi-objdump -h -S  001BOOTLoader.elf  > "001BOOTLoader.list"
arm-none-eabi-objcopy  -O binary  001BOOTLoader.elf  "001BOOTLoader.bin"
   text	   data	    bss	    dec	    hex	filename
  18636	    128	   1976	  20740	   5104	001BOOTLoader.elf
Finished building: default.size.stdout
Finished building: 001BOOTLoader.bin
 
 
Finished building: 001BOOTLoader.list
 
